<img src="https://www.newDomain.com/<?php echo $imagePath ?>" />
<img src="https://www.newDomain.com/<%= obj.imagePath %>" />
<script src="https://www.newDomain.com/<% scriptname %>" />
<img style="display:none;" src="https://www.newDomain.com/<%= obj.imagePath %>" />
background: url(https://www.newDomain.com/<% imagepath %>)
background-image : url(https://www.newDomain.com/<%= imagepath %>)
<a href="https://www.newDomain.com/<%= assetpathYo %>" download="<%= assetname %>" />
$pattern = '/src="(.*js)"/';
$replacement = 'src="restylegc-js.php?$1"';
<a href="https://www.oldDomain.com/<?php echo $test; ?>">TEST</a>
<a href="/cart_checkout.php"><img src="https://www.newDomain.com/images/navigation_cart.png" alt="Shopping cart" width="30" height="33" />