<img src="https://www.newDomain.com/<?php echo $imagePath ?>" />
<img src="https://www.newDomain.com/<%= obj.imagePath %>" />
<script src="https://www.newDomain.com/<% scriptname %>" />
background: url(https://www.newDomain.com/<% imagepath %>)
background: url(https://www.newDomain.com/<?php echo $imagepath ?>)