/* ----- images ---- */

<img src="https://www.newDomain.com/images/test.png" />
<img src="https://www.newDomain.com/images/test.png" />
<img src="https://www.newDomain.com/fixtures/images/test.jpg" />
<img src="https://www.newDomain.com/images/test.png" /><img src="https://www.newDomain.com/images/test.png" />
<img src="https://www.newDomain.com/images/test.png" /><img src="https://www.newDomain.com/images/test.png" />
<img src="https://www.newDomain.com/fixtures/images/test.jpg" /><img src="https://www.newDomain.com/fixtures/images/test.jpg" />
<img src = 'https://www.newDomain.com/images/test.png' />
<img src = 'https://www.newDomain.com/images/test.png' />
<img src = 'https://www.newDomain.com/fixtures/images/test.jpg' />
<img src = 'https://www.newDomain.com/images/test.png' /><img src='https://www.newDomain.com/images/test.png' />
<img src = 'https://www.newDomain.com/images/test.png' /><img src='https://www.newDomain.com/images/test.png' />
<img src = 'https://www.newDomain.com/fixtures/images/test.jpg' /><img src='https://www.newDomain.com/fixtures/images/test.jpg' />
<div style="background:url(https://www.newDomain.com/fixtures/images/test.jpg);" ></div>
<div style="background:url(https://www.newDomain.com/images/test.jpg);" ></div>
<div style="background:url('https://www.newDomain.com/images/test.jpg');" ></div>
<div style='background: white url("https://www.newDomain.com/images/test.jpg");' ></div>
<div style="background-image: url(https://www.newDomain.com/fixtures/images/test.jpg);" ></div>
<div style="background-image: url(https://www.newDomain.com/images/test.jpg);" ></div>
<div style="background-image: url('https://www.newDomain.com/images/test.jpg');" ></div>
<div style='background-image: url("https://www.newDomain.com/images/test.jpg");' ></div>
.test {
	background : url(https://www.newDomain.com/fixtures/images/test.jpg);
	background : url(https://www.newDomain.com/images/test.jpg);
	background : url(https://www.newDomain.com/images/test.jpg);
}
<img src="http://www.someOtherDomain.com" />

/* ---- css ---- */

<link rel="stylesheet" href="https://www.newDomain.com/css/test.css" />
<link rel="stylesheet" href="https://www.newDomain.com/fixtures/css/test.css" />
<link rel="stylesheet" href="https://www.newDomain.com/css/test.css" /><link rel="stylesheet" href="https://www.newDomain.com/css/test.css" />
<link rel="stylesheet" href="https://www.newDomain.com/fixtures/css/test.css" /><link rel="stylesheet" href="https://www.newDomain.com/fixtures/css/test.css" />
<link rel="stylesheet" href="http://www.someOtherDomain.com" />

/* ---- js ---- */

<script src="https://www.newDomain.com/js/test.js"></script>
<script src="https://www.newDomain.com/fixtures/js/test.js"></script>
<script src="https://www.newDomain.com/js/test.js"></script><script src="https://www.newDomain.com/js/test.js"></script>
<script src="https://www.newDomain.com/js/test.js"></script>